This is test log file
Edited